
Discarded input sections

 .group         0x00000000        0xc Build/main.o
 .group         0x00000000        0xc Build/main.o
 .group         0x00000000        0xc Build/main.o
 .group         0x00000000        0xc Build/main.o
 .group         0x00000000        0xc Build/main.o
 .group         0x00000000        0xc Build/main.o
 .group         0x00000000        0xc Build/main.o
 .group         0x00000000        0xc Build/main.o
 .group         0x00000000        0xc Build/main.o
 .group         0x00000000        0xc Build/main.o
 .text          0x00000000        0x0 Build/main.o
 .data          0x00000000        0x0 Build/main.o
 .bss           0x00000000        0x0 Build/main.o
 .comment       0x00000000       0x27 Build/main.o
 .group         0x00000000        0xc Build/system_stm32f1xx.o
 .group         0x00000000        0xc Build/system_stm32f1xx.o
 .group         0x00000000        0xc Build/system_stm32f1xx.o
 .group         0x00000000        0xc Build/system_stm32f1xx.o
 .group         0x00000000        0xc Build/system_stm32f1xx.o
 .group         0x00000000        0xc Build/system_stm32f1xx.o
 .group         0x00000000        0xc Build/system_stm32f1xx.o
 .group         0x00000000        0xc Build/system_stm32f1xx.o
 .group         0x00000000        0xc Build/system_stm32f1xx.o
 .group         0x00000000        0xc Build/system_stm32f1xx.o
 .text          0x00000000        0x0 Build/system_stm32f1xx.o
 .data          0x00000000        0x0 Build/system_stm32f1xx.o
 .bss           0x00000000        0x0 Build/system_stm32f1xx.o
 .text.SystemCoreClockUpdate
                0x00000000       0x64 Build/system_stm32f1xx.o
 .rodata.APBPrescTable
                0x00000000        0x8 Build/system_stm32f1xx.o
 .rodata.AHBPrescTable
                0x00000000       0x10 Build/system_stm32f1xx.o
 .debug_macro   0x00000000      0xac0 Build/system_stm32f1xx.o
 .debug_macro   0x00000000       0x2e Build/system_stm32f1xx.o
 .debug_macro   0x00000000       0x22 Build/system_stm32f1xx.o
 .debug_macro   0x00000000      0x34e Build/system_stm32f1xx.o
 .debug_macro   0x00000000       0x1c Build/system_stm32f1xx.o
 .debug_macro   0x00000000       0x22 Build/system_stm32f1xx.o
 .debug_macro   0x00000000       0xbd Build/system_stm32f1xx.o
 .debug_macro   0x00000000      0xd23 Build/system_stm32f1xx.o
 .debug_macro   0x00000000     0xe09e Build/system_stm32f1xx.o
 .debug_macro   0x00000000       0x6d Build/system_stm32f1xx.o
 .comment       0x00000000       0x27 Build/system_stm32f1xx.o
 .text          0x00000000       0x14 Build/startup_stm32f103xb.o
 .data          0x00000000        0x0 Build/startup_stm32f103xb.o
 .bss           0x00000000        0x0 Build/startup_stm32f103xb.o

Memory Configuration

Name             Origin             Length             Attributes
FLASH            0x08000000         0x00010000         xr
RAM              0x20000000         0x00005000         xrw
*default*        0x00000000         0xffffffff

Linker script and memory map

LOAD Build/main.o
LOAD Build/system_stm32f1xx.o
LOAD Build/startup_stm32f103xb.o
LOAD /usr/lib/gcc/arm-none-eabi/13.2.1/thumb/v7-m/nofp/libgcc.a
                0x20005000                        _estack = (ORIGIN (RAM) + LENGTH (RAM))

.isr_vector     0x08000000      0x10c
                0x08000000                        . = ALIGN (0x4)
 *(.isr_vector)
 .isr_vector    0x08000000      0x10c Build/startup_stm32f103xb.o
                0x08000000                g_pfnVectors
                0x0800010c                        . = ALIGN (0x4)

.text           0x0800010c      0x3f4
                0x0800010c                        . = ALIGN (0x4)
 *(.text*)
 .text.Uart_Send_Samples.constprop.0
                0x0800010c      0x160 Build/main.o
 .text.DMA1_Channel1_IRQHandler
                0x0800026c       0x34 Build/main.o
                0x0800026c                DMA1_Channel1_IRQHandler
 .text.startup.main
                0x080002a0      0x1a0 Build/main.o
                0x080002a0                main
 .text.SystemInit
                0x08000440       0x70 Build/system_stm32f1xx.o
                0x08000440                SystemInit
 .text.__libc_init_array
                0x080004b0        0x4 Build/system_stm32f1xx.o
                0x080004b0                __libc_init_array
 .text.Reset_Handler
                0x080004b4       0x48 Build/startup_stm32f103xb.o
                0x080004b4                Reset_Handler
 .text.Default_Handler
                0x080004fc        0x2 Build/startup_stm32f103xb.o
                0x080004fc                RTC_Alarm_IRQHandler
                0x080004fc                EXTI2_IRQHandler
                0x080004fc                DebugMon_Handler
                0x080004fc                TIM1_CC_IRQHandler
                0x080004fc                HardFault_Handler
                0x080004fc                SysTick_Handler
                0x080004fc                PVD_IRQHandler
                0x080004fc                PendSV_Handler
                0x080004fc                NMI_Handler
                0x080004fc                EXTI3_IRQHandler
                0x080004fc                EXTI0_IRQHandler
                0x080004fc                I2C2_EV_IRQHandler
                0x080004fc                UsageFault_Handler
                0x080004fc                ADC1_2_IRQHandler
                0x080004fc                SPI1_IRQHandler
                0x080004fc                TAMPER_IRQHandler
                0x080004fc                DMA1_Channel4_IRQHandler
                0x080004fc                USART3_IRQHandler
                0x080004fc                RTC_IRQHandler
                0x080004fc                DMA1_Channel7_IRQHandler
                0x080004fc                CAN1_RX1_IRQHandler
                0x080004fc                TIM4_IRQHandler
                0x080004fc                I2C1_EV_IRQHandler
                0x080004fc                DMA1_Channel6_IRQHandler
                0x080004fc                TIM3_IRQHandler
                0x080004fc                RCC_IRQHandler
                0x080004fc                TIM1_TRG_COM_IRQHandler
                0x080004fc                Default_Handler
                0x080004fc                EXTI15_10_IRQHandler
                0x080004fc                EXTI9_5_IRQHandler
                0x080004fc                SPI2_IRQHandler
                0x080004fc                MemManage_Handler
                0x080004fc                SVC_Handler
                0x080004fc                DMA1_Channel5_IRQHandler
                0x080004fc                EXTI4_IRQHandler
                0x080004fc                USB_LP_CAN1_RX0_IRQHandler
                0x080004fc                USB_HP_CAN1_TX_IRQHandler
                0x080004fc                DMA1_Channel3_IRQHandler
                0x080004fc                TIM1_UP_IRQHandler
                0x080004fc                WWDG_IRQHandler
                0x080004fc                TIM2_IRQHandler
                0x080004fc                TIM1_BRK_IRQHandler
                0x080004fc                EXTI1_IRQHandler
                0x080004fc                USART2_IRQHandler
                0x080004fc                I2C2_ER_IRQHandler
                0x080004fc                DMA1_Channel2_IRQHandler
                0x080004fc                CAN1_SCE_IRQHandler
                0x080004fc                FLASH_IRQHandler
                0x080004fc                BusFault_Handler
                0x080004fc                USART1_IRQHandler
                0x080004fc                I2C1_ER_IRQHandler
                0x080004fc                USBWakeUp_IRQHandler
 *(.rodata*)
 *(.glue_7)
 .glue_7        0x080004fe        0x0 linker stubs
 *(.glue_7t)
 .glue_7t       0x080004fe        0x0 linker stubs
                0x08000500                        . = ALIGN (0x4)
 *fill*         0x080004fe        0x2 
                0x08000500                        _etext = .

.vfp11_veneer   0x08000500        0x0
 .vfp11_veneer  0x08000500        0x0 linker stubs

.v4_bx          0x08000500        0x0
 .v4_bx         0x08000500        0x0 linker stubs

.iplt           0x08000500        0x0
 .iplt          0x08000500        0x0 Build/main.o

.rel.dyn        0x08000500        0x0
 .rel.iplt      0x08000500        0x0 Build/main.o

.ARM.extab
 *(.ARM.extab*)

.ARM.exidx      0x08000500        0x0
                0x08000500                        __exidx_start = .
 *(.ARM.exidx*)
                0x08000500                        __exidx_end = .
                0x08000500                        _sidata = LOADADDR (.data)

.data           0x20000000        0x4 load address 0x08000500
                0x20000000                        . = ALIGN (0x4)
                0x20000000                        _sdata = .
 *(.data*)
 .data.SystemCoreClock
                0x20000000        0x4 Build/system_stm32f1xx.o
                0x20000000                SystemCoreClock
                0x20000004                        . = ALIGN (0x4)
                0x20000004                        _edata = .

.igot.plt       0x20000004        0x0 load address 0x08000504
 .igot.plt      0x20000004        0x0 Build/main.o

.bss            0x20000004       0xcc load address 0x08000504
                0x20000004                        . = ALIGN (0x4)
                0x20000004                        _sbss = .
 *(.bss*)
 .bss.second_half_ready
                0x20000004        0x1 Build/main.o
 .bss.first_half_ready
                0x20000005        0x1 Build/main.o
 *fill*         0x20000006        0x2 
 .bss.adc_buffer
                0x20000008       0xc8 Build/main.o
 *(COMMON)
                0x200000d0                        . = ALIGN (0x4)
                0x200000d0                        _ebss = .

/DISCARD/
 *(.comment)
 *(.note*)

.ARM.attributes
                0x00000000       0x2b
 *(.ARM.attributes)
 .ARM.attributes
                0x00000000       0x2d Build/main.o
 .ARM.attributes
                0x0000002d       0x2d Build/system_stm32f1xx.o
 .ARM.attributes
                0x0000005a       0x21 Build/startup_stm32f103xb.o
OUTPUT(Bin/stm32.elf elf32-littlearm)
LOAD linker stubs

.debug_info     0x00000000      0xff3
 .debug_info    0x00000000      0xd64 Build/main.o
 .debug_info    0x00000d64      0x28f Build/system_stm32f1xx.o

.debug_abbrev   0x00000000      0x429
 .debug_abbrev  0x00000000      0x30d Build/main.o
 .debug_abbrev  0x0000030d      0x11c Build/system_stm32f1xx.o

.debug_loclists
                0x00000000      0x1f2
 .debug_loclists
                0x00000000      0x19e Build/main.o
 .debug_loclists
                0x0000019e       0x54 Build/system_stm32f1xx.o

.debug_aranges  0x00000000       0x60
 .debug_aranges
                0x00000000       0x30 Build/main.o
 .debug_aranges
                0x00000030       0x30 Build/system_stm32f1xx.o

.debug_rnglists
                0x00000000       0xf8
 .debug_rnglists
                0x00000000       0xd9 Build/main.o
 .debug_rnglists
                0x000000d9       0x1f Build/system_stm32f1xx.o

.debug_macro    0x00000000     0xfea3
 .debug_macro   0x00000000       0x97 Build/main.o
 .debug_macro   0x00000097      0xac0 Build/main.o
 .debug_macro   0x00000b57       0x2e Build/main.o
 .debug_macro   0x00000b85       0x22 Build/main.o
 .debug_macro   0x00000ba7      0x34e Build/main.o
 .debug_macro   0x00000ef5       0x1c Build/main.o
 .debug_macro   0x00000f11       0x22 Build/main.o
 .debug_macro   0x00000f33       0xbd Build/main.o
 .debug_macro   0x00000ff0      0xd23 Build/main.o
 .debug_macro   0x00001d13     0xe09e Build/main.o
 .debug_macro   0x0000fdb1       0x6d Build/main.o
 .debug_macro   0x0000fe1e       0x85 Build/system_stm32f1xx.o

.debug_line     0x00000000      0xa14
 .debug_line    0x00000000      0x769 Build/main.o
 .debug_line    0x00000769      0x2ab Build/system_stm32f1xx.o

.debug_str      0x00000000    0x54687
 .debug_str     0x00000000    0x54687 Build/main.o
                              0x5486c (size before relaxing)
 .debug_str     0x00054687    0x542f5 Build/system_stm32f1xx.o

.debug_frame    0x00000000       0xac
 .debug_frame   0x00000000       0x6c Build/main.o
 .debug_frame   0x0000006c       0x40 Build/system_stm32f1xx.o
