
Discarded input sections

 .group         0x00000000        0xc Build/main.o
 .group         0x00000000        0xc Build/main.o
 .group         0x00000000        0xc Build/main.o
 .group         0x00000000        0xc Build/main.o
 .group         0x00000000        0xc Build/main.o
 .group         0x00000000        0xc Build/main.o
 .group         0x00000000        0xc Build/main.o
 .group         0x00000000        0xc Build/main.o
 .group         0x00000000        0xc Build/main.o
 .group         0x00000000        0xc Build/main.o
 .text          0x00000000        0x0 Build/main.o
 .data          0x00000000        0x0 Build/main.o
 .bss           0x00000000        0x0 Build/main.o
 .text.Send_Char
                0x00000000       0x10 Build/main.o
 .text.Compare_Command
                0x00000000       0x34 Build/main.o
 .text.Led_Update
                0x00000000       0x24 Build/main.o
 .text.Process_Command
                0x00000000       0x30 Build/main.o
 .comment       0x00000000       0x27 Build/main.o
 .group         0x00000000        0xc Build/system_stm32f1xx.o
 .group         0x00000000        0xc Build/system_stm32f1xx.o
 .group         0x00000000        0xc Build/system_stm32f1xx.o
 .group         0x00000000        0xc Build/system_stm32f1xx.o
 .group         0x00000000        0xc Build/system_stm32f1xx.o
 .group         0x00000000        0xc Build/system_stm32f1xx.o
 .group         0x00000000        0xc Build/system_stm32f1xx.o
 .group         0x00000000        0xc Build/system_stm32f1xx.o
 .group         0x00000000        0xc Build/system_stm32f1xx.o
 .group         0x00000000        0xc Build/system_stm32f1xx.o
 .text          0x00000000        0x0 Build/system_stm32f1xx.o
 .data          0x00000000        0x0 Build/system_stm32f1xx.o
 .bss           0x00000000        0x0 Build/system_stm32f1xx.o
 .text.SystemCoreClockUpdate
                0x00000000       0x64 Build/system_stm32f1xx.o
 .rodata.APBPrescTable
                0x00000000        0x8 Build/system_stm32f1xx.o
 .rodata.AHBPrescTable
                0x00000000       0x10 Build/system_stm32f1xx.o
 .debug_macro   0x00000000      0xac0 Build/system_stm32f1xx.o
 .debug_macro   0x00000000       0x2e Build/system_stm32f1xx.o
 .debug_macro   0x00000000       0x22 Build/system_stm32f1xx.o
 .debug_macro   0x00000000      0x34e Build/system_stm32f1xx.o
 .debug_macro   0x00000000       0x1c Build/system_stm32f1xx.o
 .debug_macro   0x00000000       0x22 Build/system_stm32f1xx.o
 .debug_macro   0x00000000       0xbd Build/system_stm32f1xx.o
 .debug_macro   0x00000000      0xd23 Build/system_stm32f1xx.o
 .debug_macro   0x00000000     0xe09e Build/system_stm32f1xx.o
 .debug_macro   0x00000000       0x6d Build/system_stm32f1xx.o
 .comment       0x00000000       0x27 Build/system_stm32f1xx.o
 .text          0x00000000       0x14 Build/startup_stm32f103xb.o
 .data          0x00000000        0x0 Build/startup_stm32f103xb.o
 .bss           0x00000000        0x0 Build/startup_stm32f103xb.o

Memory Configuration

Name             Origin             Length             Attributes
FLASH            0x08000000         0x00010000         xr
RAM              0x20000000         0x00005000         xrw
*default*        0x00000000         0xffffffff

Linker script and memory map

LOAD Build/main.o
LOAD Build/system_stm32f1xx.o
LOAD Build/startup_stm32f103xb.o
                0x20005000                        _estack = (ORIGIN (RAM) + LENGTH (RAM))

.isr_vector     0x08000000      0x10c
                0x08000000                        . = ALIGN (0x4)
 *(.isr_vector)
 .isr_vector    0x08000000      0x10c Build/startup_stm32f103xb.o
                0x08000000                g_pfnVectors
                0x0800010c                        . = ALIGN (0x4)

.text           0x0800010c      0x5dc
                0x0800010c                        . = ALIGN (0x4)
 *(.text*)
 .text.Uart_Init
                0x0800010c       0x7c Build/main.o
                0x0800010c                Uart_Init
 .text.Pwm_Init
                0x08000188       0x60 Build/main.o
                0x08000188                Pwm_Init
 .text.Send_String
                0x080001e8       0x1c Build/main.o
                0x080001e8                Send_String
 .text.Send_Number
                0x08000204       0x88 Build/main.o
                0x08000204                Send_Number
 .text.Send_Status
                0x0800028c       0x98 Build/main.o
                0x0800028c                Send_Status
 .text.Process_Command.part.0
                0x08000324      0x158 Build/main.o
 .text.USART1_IRQHandler
                0x0800047c       0x78 Build/main.o
                0x0800047c                USART1_IRQHandler
 .text.startup.main
                0x080004f4       0x64 Build/main.o
                0x080004f4                main
 .text.SystemInit
                0x08000558       0x70 Build/system_stm32f1xx.o
                0x08000558                SystemInit
 .text.__libc_init_array
                0x080005c8        0x4 Build/system_stm32f1xx.o
                0x080005c8                __libc_init_array
 .text.Reset_Handler
                0x080005cc       0x48 Build/startup_stm32f103xb.o
                0x080005cc                Reset_Handler
 .text.Default_Handler
                0x08000614        0x2 Build/startup_stm32f103xb.o
                0x08000614                RTC_Alarm_IRQHandler
                0x08000614                EXTI2_IRQHandler
                0x08000614                DebugMon_Handler
                0x08000614                TIM1_CC_IRQHandler
                0x08000614                HardFault_Handler
                0x08000614                SysTick_Handler
                0x08000614                PVD_IRQHandler
                0x08000614                PendSV_Handler
                0x08000614                NMI_Handler
                0x08000614                EXTI3_IRQHandler
                0x08000614                EXTI0_IRQHandler
                0x08000614                I2C2_EV_IRQHandler
                0x08000614                UsageFault_Handler
                0x08000614                ADC1_2_IRQHandler
                0x08000614                SPI1_IRQHandler
                0x08000614                TAMPER_IRQHandler
                0x08000614                DMA1_Channel4_IRQHandler
                0x08000614                USART3_IRQHandler
                0x08000614                RTC_IRQHandler
                0x08000614                DMA1_Channel7_IRQHandler
                0x08000614                CAN1_RX1_IRQHandler
                0x08000614                TIM4_IRQHandler
                0x08000614                I2C1_EV_IRQHandler
                0x08000614                DMA1_Channel6_IRQHandler
                0x08000614                TIM3_IRQHandler
                0x08000614                RCC_IRQHandler
                0x08000614                TIM1_TRG_COM_IRQHandler
                0x08000614                DMA1_Channel1_IRQHandler
                0x08000614                Default_Handler
                0x08000614                EXTI15_10_IRQHandler
                0x08000614                EXTI9_5_IRQHandler
                0x08000614                SPI2_IRQHandler
                0x08000614                MemManage_Handler
                0x08000614                SVC_Handler
                0x08000614                DMA1_Channel5_IRQHandler
                0x08000614                EXTI4_IRQHandler
                0x08000614                USB_LP_CAN1_RX0_IRQHandler
                0x08000614                USB_HP_CAN1_TX_IRQHandler
                0x08000614                DMA1_Channel3_IRQHandler
                0x08000614                TIM1_UP_IRQHandler
                0x08000614                WWDG_IRQHandler
                0x08000614                TIM2_IRQHandler
                0x08000614                TIM1_BRK_IRQHandler
                0x08000614                EXTI1_IRQHandler
                0x08000614                USART2_IRQHandler
                0x08000614                I2C2_ER_IRQHandler
                0x08000614                DMA1_Channel2_IRQHandler
                0x08000614                CAN1_SCE_IRQHandler
                0x08000614                FLASH_IRQHandler
                0x08000614                BusFault_Handler
                0x08000614                I2C1_ER_IRQHandler
                0x08000614                USBWakeUp_IRQHandler
 *(.rodata*)
 *fill*         0x08000616        0x2 
 .rodata.Send_Status.str1.4
                0x08000618       0xce Build/main.o
                                 0x30 (size before relaxing)
 .rodata.Process_Command.part.0.str1.4
                0x080006e6       0x57 Build/main.o
 .rodata.Process_Command.str1.4
                0x080006e6       0x20 Build/main.o
 .rodata.main.str1.4
                0x080006e6       0x26 Build/main.o
 *(.glue_7)
 .glue_7        0x080006e6        0x0 linker stubs
 *(.glue_7t)
 .glue_7t       0x080006e6        0x0 linker stubs
                0x08000740                        . = ALIGN (0x4)
 *fill*         0x080006e6        0x2 
                0x080006e8                        _etext = .

.vfp11_veneer   0x080006e8        0x0
 .vfp11_veneer  0x080006e8        0x0 linker stubs

.v4_bx          0x080006e8        0x0
 .v4_bx         0x080006e8        0x0 linker stubs

.iplt           0x080006e8        0x0
 .iplt          0x080006e8        0x0 Build/main.o

.rel.dyn        0x080006e8        0x0
 .rel.iplt      0x080006e8        0x0 Build/main.o

.ARM.extab
 *(.ARM.extab*)

.ARM.exidx      0x080006e8        0x0
                0x080006e8                        __exidx_start = .
 *(.ARM.exidx*)
                0x080006e8                        __exidx_end = .
                0x080006e8                        _sidata = LOADADDR (.data)

.data           0x20000000        0x8 load address 0x080006e8
                0x20000000                        . = ALIGN (0x4)
                0x20000000                        _sdata = .
 *(.data*)
 .data.pwm_percent
                0x20000000        0x4 Build/main.o
                0x20000000                pwm_percent
 .data.SystemCoreClock
                0x20000004        0x4 Build/system_stm32f1xx.o
                0x20000004                SystemCoreClock
                0x20000008                        . = ALIGN (0x4)
                0x20000008                        _edata = .

.igot.plt       0x20000008        0x0 load address 0x080006f0
 .igot.plt      0x20000008        0x0 Build/main.o

.bss            0x20000008       0x50 load address 0x080006f0
                0x20000008                        . = ALIGN (0x4)
                0x20000008                        _sbss = .
 *(.bss*)
 .bss.led_on    0x20000008        0x4 Build/main.o
                0x20000008                led_on
 .bss.rx_error  0x2000000c        0x4 Build/main.o
                0x2000000c                rx_error
 .bss.ready     0x20000010        0x4 Build/main.o
                0x20000010                ready
 .bss.i         0x20000014        0x4 Build/main.o
                0x20000014                i
 .bss.buffer    0x20000018       0x40 Build/main.o
                0x20000018                buffer
 *(COMMON)
                0x20000058                        . = ALIGN (0x4)
                0x20000058                        _ebss = .

/DISCARD/
 *(.comment)
 *(.note*)

.ARM.attributes
                0x00000000       0x2b
 *(.ARM.attributes)
 .ARM.attributes
                0x00000000       0x2d Build/main.o
 .ARM.attributes
                0x0000002d       0x2d Build/system_stm32f1xx.o
 .ARM.attributes
                0x0000005a       0x21 Build/startup_stm32f103xb.o
OUTPUT(Bin/stm32.elf elf32-littlearm)
LOAD linker stubs

.debug_info     0x00000000      0xe7d
 .debug_info    0x00000000      0xbee Build/main.o
 .debug_info    0x00000bee      0x28f Build/system_stm32f1xx.o

.debug_abbrev   0x00000000      0x4ac
 .debug_abbrev  0x00000000      0x390 Build/main.o
 .debug_abbrev  0x00000390      0x11c Build/system_stm32f1xx.o

.debug_loclists
                0x00000000      0x30d
 .debug_loclists
                0x00000000      0x2b9 Build/main.o
 .debug_loclists
                0x000002b9       0x54 Build/system_stm32f1xx.o

.debug_aranges  0x00000000       0xa8
 .debug_aranges
                0x00000000       0x78 Build/main.o
 .debug_aranges
                0x00000078       0x30 Build/system_stm32f1xx.o

.debug_rnglists
                0x00000000      0x15b
 .debug_rnglists
                0x00000000      0x13c Build/main.o
 .debug_rnglists
                0x0000013c       0x1f Build/system_stm32f1xx.o

.debug_macro    0x00000000     0xfe7f
 .debug_macro   0x00000000       0x73 Build/main.o
 .debug_macro   0x00000073      0xac0 Build/main.o
 .debug_macro   0x00000b33       0x2e Build/main.o
 .debug_macro   0x00000b61       0x22 Build/main.o
 .debug_macro   0x00000b83      0x34e Build/main.o
 .debug_macro   0x00000ed1       0x1c Build/main.o
 .debug_macro   0x00000eed       0x22 Build/main.o
 .debug_macro   0x00000f0f       0xbd Build/main.o
 .debug_macro   0x00000fcc      0xd23 Build/main.o
 .debug_macro   0x00001cef     0xe09e Build/main.o
 .debug_macro   0x0000fd8d       0x6d Build/main.o
 .debug_macro   0x0000fdfa       0x85 Build/system_stm32f1xx.o

.debug_line     0x00000000      0xe1d
 .debug_line    0x00000000      0xb72 Build/main.o
 .debug_line    0x00000b72      0x2ab Build/system_stm32f1xx.o

.debug_str      0x00000000    0x544e8
 .debug_str     0x00000000    0x544e8 Build/main.o
                              0x546a3 (size before relaxing)
 .debug_str     0x000544e8    0x542f5 Build/system_stm32f1xx.o

.debug_frame    0x00000000      0x190
 .debug_frame   0x00000000      0x150 Build/main.o
 .debug_frame   0x00000150       0x40 Build/system_stm32f1xx.o
